Developer A~A~A~A~A~A~A~A~A~A~A~A~A~A~A~A~A~A~A~A~A~A~A~A~A~A~A~A~A~A~A~A~A~A~A~A~A~A~A~A~A~A~A~A~A~A~A~A~A~A~A~A~A~A~A~A~A~A~A~A~A~A~A~A~A~A~A~A~A~A~A~A~A~A~A~A~A~A~A~A~A~A~A~A~A~A~A~A~A~A~A~A~A~A~A~A~A~A~A~A~A~A~A~A~A~A~A~A~A~A~A~A~A~A~A~A~A~A~A~A~A~A~A~A~A~A~A~A~A~A~A~A~A~A~A~A~A~A~A~A~A~A~A~A~A~A~A~A~A~A~A~A~A~A~A~A~A~A~A~A~A~A~A~A~A~A~A~A~A~A~A~A~A~A~A~A~A~A~A~A~A~A~A~A~A~ 123 BBBBBBBBBBBBBBBBBBBBBBBBBBBBBBBBBBBBBBBBBBBBBBBBBBBBBBBBBBBBBBBBBBBBBBBBBBBBBBBBBBBBBBBBBBBBBBBBBBBBBBBBBBBBBBBBBBBBBBBBBBBBBBBBBBBBBBBBBBBBBBBBBBBBBBBBBBBBBBBBBBBBBBBBBBBBBBBBBBBBBBBBBB
Manager A~A~A~A~A~A~A~A~A~A~A~A~A~A~A~A~A~A~A~A~A~A~A~A~A~A~A~A~A~A~A~A~A~A~A~A~A~A~A~A~A~A~A~A~A~A~A~A~A~A~A~A~A~A~A~A~A~A~A~A~A~A~A~A~A~A~A~A~A~A~A~A~A~A~A~A~A~A~A~A~A~A~A~A~A~A~A~A~A~A~A~A~A~A~A~A~A~A~A~A~A~A~A~A~A~A~A~A~A~A~A~A~A~A~A~A~A~A~A~A~A~A~A~A~A~A~A~A~A~A~A~A~A~A~A~A~A~A~A~A~A~A~A~A~A~A~A~A~A~A~A~A~A~A~A~A~A~A~A~A~A~A~A~A~A~A~A~A~A~A~A~A~A~A~A~A~A~A~A~A~A~A~A~A~A~ 4567 CCCCCCCCCCCCCCCCCCCCCCCCCCCCCCCCCCCCCCCCCCCCCCCCCCCCCCCCCCCCCCCCCCCCCCCCCCCCCCCCCCCCCCCCCCCCCCCCCCCCCCCCCCCCCCCCCCCCCCCCCCCCCCCCCCCCCCCCCCCCCCCCCCCCCCCCCCCCCCCCCCCCCCCCCCCCCCCCCCCCCCCCCC
LeadDeveloper A~A~A~A~A~A~A~A~A~A~A~A~A~A~A~A~A~A~A~A~A~A~A~A~A~A~A~A~A~A~A~A~A~A~A~A~A~A~A~A~A~A~A~A~A~A~A~A~A~A~A~A~A~A~A~A~A~A~A~A~A~A~A~A~A~A~A~A~A~A~A~A~A~A~A~A~A~A~A~A~A~A~A~A~A~A~A~A~A~A~A~A~A~A~A~A~A~A~A~A~A~A~A~A~A~A~A~A~A~A~A~A~A~A~A~A~A~A~A~A~A~A~A~A~A~A~A~A~A~A~A~A~A~A~A~A~A~A~A~A~A~A~A~A~A~A~A~A~A~A~A~A~A~A~A~A~A~A~A~A~A~A~A~A~A~A~A~A~A~A~A~A~A~A~A~A~A~A~A~A~A~A~A~A~A~ 150000 BBBBBBBBBBBBBBBBBBBBBBBBBBBBBBBBBBBBBBBBBBBBBBBBBBBBBBBBBBBBBBBBBBBBBBBBBBBBBBBBBBBBBBBBBBBBBBBBBBBBBBBBBBBBBBBBBBBBBBBBBBBBBBBBBBBBBBBBBBBBBBBBBBBBBBBBBBBBBBBBBBBBBBBBBBBBBBBBBBBBBBBBBB CCCCCCCCCCCCCCCCCCCCCCCCCCCCCCCCCCCCCCCCCCCCCCCCCCCCCCCCCCCCCCCCCCCCCCCCCCCCCCCCCCCCCCCCCCCCCCCCCCCCCCCCCCCCCCCCCCCCCCCCCCCCCCCCCCCCCCCCCCCCCCCCCCCCCCCCCCCCCCCCCCCCCCCCCCCCCCCCCCCCCCCCCC
